vite v5.4.21 building for production...

/node_modules/@breadboard-ai/visual-editor/public/styles/global.css doesn't exist at build time, it will remain unchanged to be resolved at runtime
transforming...
[plugin:vite:resolve] [plugin vite:resolve] Module "node:fs/promises" has been externalized for browser compatibility, imported by "/workspaces/BreadboardAI/node_modules/@google-labs/breadboard/dist/harness.min.js". See https://vite.dev/guide/troubleshooting.html#module-externalized-for-browser-compatibility for more details.
[plugin:vite:resolve] [plugin vite:resolve] Module "node:fs/promises" has been externalized for browser compatibility, imported by "/workspaces/BreadboardAI/node_modules/@google-labs/breadboard/dist/index.min.js". See https://vite.dev/guide/troubleshooting.html#module-externalized-for-browser-compatibility for more details.
[plugin:vite:resolve] [plugin vite:resolve] Module "node:fs/promises" has been externalized for browser compatibility, imported by "/workspaces/BreadboardAI/node_modules/@google-labs/breadboard/dist/kits.min.js". See https://vite.dev/guide/troubleshooting.html#module-externalized-for-browser-compatibility for more details.
[plugin:vite:resolve] [plugin vite:resolve] Module "node:vm" has been externalized for browser compatibility, imported by "/workspaces/BreadboardAI/node_modules/@breadboard-ai/visual-editor/node_modules/@google-labs/core-kit/dist/src/nodes/run-javascript.js". See https://vite.dev/guide/troubleshooting.html#module-externalized-for-browser-compatibility for more details.
[plugin:vite:resolve] [plugin vite:resolve] Module "node:url" has been externalized for browser compatibility, imported by "/workspaces/BreadboardAI/node_modules/pyodide/pyodide.mjs". See https://vite.dev/guide/troubleshooting.html#module-externalized-for-browser-compatibility for more details.
[plugin:vite:resolve] [plugin vite:resolve] Module "node:fs" has been externalized for browser compatibility, imported by "/workspaces/BreadboardAI/node_modules/pyodide/pyodide.mjs". See https://vite.dev/guide/troubleshooting.html#module-externalized-for-browser-compatibility for more details.
[plugin:vite:resolve] [plugin vite:resolve] Module "node:fs/promises" has been externalized for browser compatibility, imported by "/workspaces/BreadboardAI/node_modules/pyodide/pyodide.mjs". See https://vite.dev/guide/troubleshooting.html#module-externalized-for-browser-compatibility for more details.
[plugin:vite:resolve] [plugin vite:resolve] Module "node:vm" has been externalized for browser compatibility, imported by "/workspaces/BreadboardAI/node_modules/pyodide/pyodide.mjs". See https://vite.dev/guide/troubleshooting.html#module-externalized-for-browser-compatibility for more details.
[plugin:vite:resolve] [plugin vite:resolve] Module "node:path" has been externalized for browser compatibility, imported by "/workspaces/BreadboardAI/node_modules/pyodide/pyodide.mjs". See https://vite.dev/guide/troubleshooting.html#module-externalized-for-browser-compatibility for more details.
[plugin:vite:resolve] [plugin vite:resolve] Module "node:crypto" has been externalized for browser compatibility, imported by "/workspaces/BreadboardAI/node_modules/pyodide/pyodide.mjs". See https://vite.dev/guide/troubleshooting.html#module-externalized-for-browser-compatibility for more details.
[plugin:vite:resolve] [plugin vite:resolve] Module "node:child_process" has been externalized for browser compatibility, imported by "/workspaces/BreadboardAI/node_modules/pyodide/pyodide.mjs". See https://vite.dev/guide/troubleshooting.html#module-externalized-for-browser-compatibility for more details.
[plugin:vite:resolve] [plugin vite:resolve] Module "node:path" has been externalized for browser compatibility, imported by "/workspaces/BreadboardAI/node_modules/pyodide/pyodide.mjs". See https://vite.dev/guide/troubleshooting.html#module-externalized-for-browser-compatibility for more details.
[plugin:vite:resolve] [plugin vite:resolve] Module "node:url" has been externalized for browser compatibility, imported by "/workspaces/BreadboardAI/node_modules/pyodide/pyodide.mjs". See https://vite.dev/guide/troubleshooting.html#module-externalized-for-browser-compatibility for more details.
[plugin:vite:resolve] [plugin vite:resolve] Module "node:vm" has been externalized for browser compatibility, imported by "/workspaces/BreadboardAI/node_modules/@breadboard-ai/shared-ui/node_modules/@google-labs/core-kit/dist/src/nodes/run-javascript.js". See https://vite.dev/guide/troubleshooting.html#module-externalized-for-browser-compatibility for more details.
[plugin:vite:resolve] [plugin vite:resolve] Module "node:vm" has been externalized for browser compatibility, imported by "/workspaces/BreadboardAI/node_modules/@google-labs/core-kit/dist/src/nodes/run-javascript.js". See https://vite.dev/guide/troubleshooting.html#module-externalized-for-browser-compatibility for more details.
[plugin:vite:resolve] [plugin vite:resolve] Module "node:vm" has been externalized for browser compatibility, imported by "/workspaces/BreadboardAI/node_modules/@breadboard-ai/google-drive-kit/node_modules/@google-labs/core-kit/dist/src/nodes/run-javascript.js". See https://vite.dev/guide/troubleshooting.html#module-externalized-for-browser-compatibility for more details.
[plugin:vite:resolve] [plugin vite:resolve] Module "node:fs/promises" has been externalized for browser compatibility, imported by "/workspaces/BreadboardAI/node_modules/@breadboard-ai/loader/dist/src/default.js". See https://vite.dev/guide/troubleshooting.html#module-externalized-for-browser-compatibility for more details.
✓ 2174 modules transformed.
x Build failed in 4m 13s
error during build:
../node_modules/@google-labs/core-kit/dist/src/nodes/fetch.js (6:52): "writablePathFromString" is not exported by "../node_modules/@google-labs/breadboard/dist/index.min.js", imported by "../node_modules/@google-labs/core-kit/dist/src/nodes/fetch.js".
file: /workspaces/BreadboardAI/node_modules/@google-labs/core-kit/dist/src/nodes/fetch.js:6:52

4:  * SPDX-License-Identifier: Apache-2.0
5:  */
6: import { asBlob, inflateData, isDataCapability, ok, writablePathFromString, } from "@google-labs/breadboard";
                                                       ^
7: import { llmContentTransform } from "../llm-content-transform.js";
8: const createBody = async (body, headers, store) => {

    at getRollupError (file:///workspaces/BreadboardAI/visual-editor-local/node_modules/rollup/dist/es/shared/parseAst.js:402:41)
    at error (file:///workspaces/BreadboardAI/visual-editor-local/node_modules/rollup/dist/es/shared/parseAst.js:398:42)
    at Module.error (file:///workspaces/BreadboardAI/visual-editor-local/node_modules/rollup/dist/es/shared/node-entry.js:17040:16)
    at Module.traceVariable (file:///workspaces/BreadboardAI/visual-editor-local/node_modules/rollup/dist/es/shared/node-entry.js:17452:29)
    at ModuleScope.findVariable (file:///workspaces/BreadboardAI/visual-editor-local/node_modules/rollup/dist/es/shared/node-entry.js:15070:39)
    at ReturnValueScope.findVariable (file:///workspaces/BreadboardAI/visual-editor-local/node_modules/rollup/dist/es/shared/node-entry.js:5673:38)
    at FunctionBodyScope.findVariable (file:///workspaces/BreadboardAI/visual-editor-local/node_modules/rollup/dist/es/shared/node-entry.js:5673:38)
    at TrackingScope.findVariable (file:///workspaces/BreadboardAI/visual-editor-local/node_modules/rollup/dist/es/shared/node-entry.js:5673:38)
    at BlockScope.findVariable (file:///workspaces/BreadboardAI/visual-editor-local/node_modules/rollup/dist/es/shared/node-entry.js:5673:38)
    at Identifier.bind (file:///workspaces/BreadboardAI/visual-editor-local/node_modules/rollup/dist/es/shared/node-entry.js:5447:40)
